The images are identical or have differences below the threshold=3 .
